C51 COMPILER V9.52.0.0   MAIN                                                              10/24/2020 12:53:30 PAGE 1   


C51 COMPILER V9.52.0.0, COMPILATION OF MODULE MAIN
OBJECT MODULE PLACED IN main.OBJ
COMPILER INVOKED BY: C:\Keil_v4\C51\BIN\C51.EXE main.c BROWSE INCDIR(.\SRC) DEBUG OBJECTEXTEND TABS(2)

line level    source

   1          //////////////////////////////////////////////////////////////////////////////////   
   2          //本程序只供学习使用，未经作者许可，不得用于其它任何用途
   3          //中景园电子
   4          //店铺地址：http://shop73023976.taobao.com/?spm=2013.1.0.0.M4PqC2
   5          //
   6          //  文 件 名   : main.c
   7          //  版 本 号   : v2.0
   8          //  作    者   : HuangKai
   9          //  生成日期   : 2014-0101
  10          //  最近修改   : 
  11          //  功能描述   : OLED 4接口演示例程(51系列)
  12          //              说明: 
  13          //              ----------------------------------------------------------------
  14          //              GND    电源地
  15          //              VCC  接5V或3.3v电源
  16          //              SCL  P10（SCL）
  17          //              SDA  P11（SDA）
  18          
  19          //              ----------------------------------------------------------------
  20          // 修改历史   :
  21          // 日    期   : 
  22          // 作    者   : HuangKai
  23          // 修改内容   : 创建文件
  24          //版权所有，盗版必究。
  25          //Copyright(C) 中景园电子2014/3/16
  26          //All rights reserved
  27          //******************************************************************************/
  28          #include "REG51.h"
  29          #include "oled.h"
  30          #include "bmp.h"
  31          
  32          int main(void)
  33          { 
  34   1        u8 t=' ';
  35   1        OLED_Init();//初始化OLED
  36   1        OLED_ColorTurn(0);//0正常显示，1 反色显示
  37   1        while(1) 
  38   1        {   
  39   2          OLED_DrawBMP(0,0,64,128,BMP1);
  40   2          delay_ms(500);
  41   2          OLED_Clear();
  42   2          OLED_ShowChinese(8,0,0,16);//中
  43   2          OLED_ShowChinese(24,0,1,16);//景
  44   2          OLED_ShowChinese(40,0,2,16);//园
  45   2          OLED_ShowChinese(0,2,3,16);//电
  46   2          OLED_ShowChinese(16,2,4,16);//子
  47   2          OLED_ShowChinese(32,2,5,16);//科
  48   2          OLED_ShowChinese(48,2,6,16);//技
  49   2          OLED_ShowString(0,4,"ZJY OLED",16);
  50   2          
  51   2          OLED_ShowString(0,6,"ASCII:",16);
  52   2          OLED_ShowString(0,8,"CODE:",16);
  53   2          OLED_ShowChar(48,6,t,16);//显示ASCII字符     
  54   2          t++;
  55   2          if(t>'~')t=' ';
C51 COMPILER V9.52.0.0   MAIN                                                              10/24/2020 12:53:30 PAGE 2   

  56   2          OLED_ShowNum(40,8,t,3,16);
  57   2          delay_ms(500);
  58   2          OLED_Clear();
  59   2        }
  60   1      }
  61          
  62            


MODULE INFORMATION:   STATIC OVERLAYABLE
   CODE SIZE        =    227    ----
   CONSTANT SIZE    =   1046    ----
   XDATA SIZE       =   ----    ----
   PDATA SIZE       =   ----    ----
   DATA SIZE        =   ----       1
   IDATA SIZE       =   ----    ----
   BIT SIZE         =   ----    ----
END OF MODULE INFORMATION.


C51 COMPILATION COMPLETE.  0 WARNING(S),  0 ERROR(S)
